// Jest Snapshot v1, https://goo.gl/fbAQLP

exports[`ConfirmationModalContent should create simple ConfirmationModalContent component 1`] = `
Array [
  <img
    alt="circleTickIcon"
    className="icon"
    src="circleTickIcon.svg"
  />,
  <h2
    className="title"
  >
    CONGRATULATIONS!
  </h2>,
  <p
    className="text"
  >
    The movie has been added to database successfully 
  </p>,
]
`;
