// Jest Snapshot v1, https://goo.gl/fbAQLP

exports[`should create simple MovieFormContent component 1`] = `
<div
  className="wrapper"
>
  any children
</div>
`;
